16:49:53 **** Incremental Build of configuration Debug for project SSD1306 ****
make -j16 all 
arm-none-eabi-gcc "../Core/Src/main.c" -mcpu=cortex-m4 -std=gnu11 -g3 -DDEBUG -DUSE_HAL_DRIVER -DSTM32F411xE -c -I../Core/Inc -I../Drivers/STM32F4xx_HAL_Driver/Inc -I../Drivers/STM32F4xx_HAL_Driver/Inc/Legacy -I../Drivers/CMSIS/Device/ST/STM32F4xx/Include -I../Drivers/CMSIS/Include -O0 -ffunction-sections -fdata-sections -Wall -fstack-usage -MMD -MP -MF"Core/Src/main.d" -MT"Core/Src/main.o" --specs=nano.specs -mfpu=fpv4-sp-d16 -mfloat-abi=hard -mthumb -o "Core/Src/main.o"
arm-none-eabi-gcc -o "SSD1306.elf" @"objects.list"   -mcpu=cortex-m4 -T"D:\STM32\SSD1306_Library\SSD1306\STM32F411RETX_FLASH.ld" --specs=nosys.specs -Wl,-Map="SSD1306.map" -Wl,--gc-sections -static --specs=nano.specs -mfpu=fpv4-sp-d16 -mfloat-abi=hard -mthumb -Wl,--start-group -lc -lm -Wl,--end-group
Finished building target: SSD1306.elf
 
arm-none-eabi-size   SSD1306.elf 
arm-none-eabi-objdump -h -S  SSD1306.elf  > "SSD1306.list"
   text	   data	    bss	    dec	    hex	filename
  11940	     20	   2748	  14708	   3974	SSD1306.elf
Finished building: default.size.stdout
 
Finished building: SSD1306.list
 
16:50:08 **** Incremental Build of configuration Debug for project SSD1306 ****
make -j16 all 
arm-none-eabi-size   SSD1306.elf 
   text	   data	    bss	    dec	    hex	filename
  11940	     20	   2748	  14708	   3974	SSD1306.elf
Finished building: default.size.stdout
 
16:50:35 **** Incremental Build of configuration Debug for project SSD1306 ****
make -j16 all 
arm-none-eabi-gcc "../Core/Src/main.c" -mcpu=cortex-m4 -std=gnu11 -g3 -DDEBUG -DUSE_HAL_DRIVER -DSTM32F411xE -c -I../Core/Inc -I../Drivers/STM32F4xx_HAL_Driver/Inc -I../Drivers/STM32F4xx_HAL_Driver/Inc/Legacy -I../Drivers/CMSIS/Device/ST/STM32F4xx/Include -I../Drivers/CMSIS/Include -O0 -ffunction-sections -fdata-sections -Wall -fstack-usage -MMD -MP -MF"Core/Src/main.d" -MT"Core/Src/main.o" --specs=nano.specs -mfpu=fpv4-sp-d16 -mfloat-abi=hard -mthumb -o "Core/Src/main.o"
arm-none-eabi-gcc -o "SSD1306.elf" @"objects.list"   -mcpu=cortex-m4 -T"D:\STM32\SSD1306_Library\SSD1306\STM32F411RETX_FLASH.ld" --specs=nosys.specs -Wl,-Map="SSD1306.map" -Wl,--gc-sections -static --specs=nano.specs -mfpu=fpv4-sp-d16 -mfloat-abi=hard -mthumb -Wl,--start-group -lc -lm -Wl,--end-group
Finished building target: SSD1306.elf
 
arm-none-eabi-size   SSD1306.elf 
arm-none-eabi-objdump -h -S  SSD1306.elf  > "SSD1306.list"
   text	   data	    bss	    dec	    hex	filename
  11940	     20	   2748	  14708	   3974	SSD1306.elf
Finished building: default.size.stdout
 
Finished building: SSD1306.list
 
